<?xml version="1.0"?>
<link_info>
   <banner>TMS320C6x Linker PC v7.4.4</banner>
   <copyright>Copyright (c) 1996-2013 Texas Instruments Incorporated</copyright>
   <link_time>0x5bf765d6</link_time>
   <output_file>319v1.out</output_file>
   <entry_point>
      <name>_c_int00</name>
      <address>0x10800200</address>
   </entry_point>
   <input_file_list>
      <input_file id="fl-2">
         <path>.\ddr\</path>
         <kind>object</kind>
         <file>DDR_Init.obj</file>
         <name>DDR_Init.obj</name>
      </input_file>
      <input_file id="fl-3">
         <path>.\edma\</path>
         <kind>object</kind>
         <file>memory_transfer.obj</file>
         <name>memory_transfer.obj</name>
      </input_file>
      <input_file id="fl-4">
         <path>.\hyperlink\</path>
         <kind>object</kind>
         <file>KeyStone_HyperLink_Init.obj</file>
         <name>KeyStone_HyperLink_Init.obj</name>
      </input_file>
      <input_file id="fl-5">
         <path>.\isr\</path>
         <kind>object</kind>
         <file>interrupt_vectors.obj</file>
         <name>interrupt_vectors.obj</name>
      </input_file>
      <input_file id="fl-6">
         <path>.\isr\</path>
         <kind>object</kind>
         <file>interrupt.obj</file>
         <name>interrupt.obj</name>
      </input_file>
      <input_file id="fl-7">
         <path>.\msu\common\</path>
         <kind>object</kind>
         <file>dsp0_imagefunc.obj</file>
         <name>dsp0_imagefunc.obj</name>
      </input_file>
      <input_file id="fl-8">
         <path>.\msu\common\</path>
         <kind>object</kind>
         <file>dsp0_image_pre.obj</file>
         <name>dsp0_image_pre.obj</name>
      </input_file>
      <input_file id="fl-9">
         <path>.\msu\common\</path>
         <kind>object</kind>
         <file>dsp0_image.obj</file>
         <name>dsp0_image.obj</name>
      </input_file>
      <input_file id="fl-a">
         <path>.\msu\</path>
         <kind>object</kind>
         <file>dsp0_core1.obj</file>
         <name>dsp0_core1.obj</name>
      </input_file>
      <input_file id="fl-b">
         <path>.\msu\</path>
         <kind>object</kind>
         <file>dsp0_core0.obj</file>
         <name>dsp0_core0.obj</name>
      </input_file>
      <input_file id="fl-c">
         <path>.\navigator\</path>
         <kind>object</kind>
         <file>Navigator_init_drv.obj</file>
         <name>Navigator_init_drv.obj</name>
      </input_file>
      <input_file id="fl-d">
         <path>.\peripheral\</path>
         <kind>object</kind>
         <file>peripheral.obj</file>
         <name>peripheral.obj</name>
      </input_file>
      <input_file id="fl-e">
         <path>.\peripheral\</path>
         <kind>object</kind>
         <file>UART_Init_drv.obj</file>
         <name>UART_Init_drv.obj</name>
      </input_file>
      <input_file id="fl-f">
         <path>.\peripheral\</path>
         <kind>object</kind>
         <file>EMIF16_Init.obj</file>
         <name>EMIF16_Init.obj</name>
      </input_file>
      <input_file id="fl-10">
         <path>.\serdes\</path>
         <kind>object</kind>
         <file>Serdes_init.obj</file>
         <name>Serdes_init.obj</name>
      </input_file>
      <input_file id="fl-11">
         <path>.\src\</path>
         <kind>object</kind>
         <file>dsp0_test.obj</file>
         <name>dsp0_test.obj</name>
      </input_file>
      <input_file id="fl-12">
         <path>.\src\</path>
         <kind>object</kind>
         <file>dsp0_msu.obj</file>
         <name>dsp0_msu.obj</name>
      </input_file>
      <input_file id="fl-13">
         <path>.\src\</path>
         <kind>object</kind>
         <file>dsp0_mss.obj</file>
         <name>dsp0_mss.obj</name>
      </input_file>
      <input_file id="fl-14">
         <path>.\src\</path>
         <kind>object</kind>
         <file>dsp0_main.obj</file>
         <name>dsp0_main.obj</name>
      </input_file>
      <input_file id="fl-15">
         <path>.\src\</path>
         <kind>object</kind>
         <file>dsp0_common.obj</file>
         <name>dsp0_common.obj</name>
      </input_file>
      <input_file id="fl-16">
         <path>.\srio\</path>
         <kind>object</kind>
         <file>SRIO_Init_drv.obj</file>
         <name>SRIO_Init_drv.obj</name>
      </input_file>
      <input_file id="fl-17">
         <path>.\srio\</path>
         <kind>object</kind>
         <file>SRIO_Init.obj</file>
         <name>SRIO_Init.obj</name>
      </input_file>
      <input_file id="fl-93">
         <path>D:\ti\ccsv5\tools\compiler\c6000_7.4.4\lib\</path>
         <kind>archive</kind>
         <file>rts6600_elf.lib</file>
         <name>boot.obj</name>
      </input_file>
      <input_file id="fl-94">
         <path>D:\ti\ccsv5\tools\compiler\c6000_7.4.4\lib\</path>
         <kind>archive</kind>
         <file>rts6600_elf.lib</file>
         <name>copy_decompress_none.obj</name>
      </input_file>
      <input_file id="fl-95">
         <path>D:\ti\ccsv5\tools\compiler\c6000_7.4.4\lib\</path>
         <kind>archive</kind>
         <file>rts6600_elf.lib</file>
         <name>copy_decompress_rle.obj</name>
      </input_file>
      <input_file id="fl-96">
         <path>D:\ti\ccsv5\tools\compiler\c6000_7.4.4\lib\</path>
         <kind>archive</kind>
         <file>rts6600_elf.lib</file>
         <name>copy_zero_init.obj</name>
      </input_file>
      <input_file id="fl-97">
         <path>D:\ti\ccsv5\tools\compiler\c6000_7.4.4\lib\</path>
         <kind>archive</kind>
         <file>rts6600_elf.lib</file>
         <name>divf.obj</name>
      </input_file>
      <input_file id="fl-98">
         <path>D:\ti\ccsv5\tools\compiler\c6000_7.4.4\lib\</path>
         <kind>archive</kind>
         <file>rts6600_elf.lib</file>
         <name>divi.obj</name>
      </input_file>
      <input_file id="fl-99">
         <path>D:\ti\ccsv5\tools\compiler\c6000_7.4.4\lib\</path>
         <kind>archive</kind>
         <file>rts6600_elf.lib</file>
         <name>divu.obj</name>
      </input_file>
      <input_file id="fl-9a">
         <path>D:\ti\ccsv5\tools\compiler\c6000_7.4.4\lib\</path>
         <kind>archive</kind>
         <file>rts6600_elf.lib</file>
         <name>exit.obj</name>
      </input_file>
      <input_file id="fl-9b">
         <path>D:\ti\ccsv5\tools\compiler\c6000_7.4.4\lib\</path>
         <kind>archive</kind>
         <file>rts6600_elf.lib</file>
         <name>fixfu.obj</name>
      </input_file>
      <input_file id="fl-9c">
         <path>D:\ti\ccsv5\tools\compiler\c6000_7.4.4\lib\</path>
         <kind>archive</kind>
         <file>rts6600_elf.lib</file>
         <name>fputs.obj</name>
      </input_file>
      <input_file id="fl-9d">
         <path>D:\ti\ccsv5\tools\compiler\c6000_7.4.4\lib\</path>
         <kind>archive</kind>
         <file>rts6600_elf.lib</file>
         <name>imath64.obj</name>
      </input_file>
      <input_file id="fl-9e">
         <path>D:\ti\ccsv5\tools\compiler\c6000_7.4.4\lib\</path>
         <kind>archive</kind>
         <file>rts6600_elf.lib</file>
         <name>llshift.obj</name>
      </input_file>
      <input_file id="fl-9f">
         <path>D:\ti\ccsv5\tools\compiler\c6000_7.4.4\lib\</path>
         <kind>archive</kind>
         <file>rts6600_elf.lib</file>
         <name>lowlev.obj</name>
      </input_file>
      <input_file id="fl-a0">
         <path>D:\ti\ccsv5\tools\compiler\c6000_7.4.4\lib\</path>
         <kind>archive</kind>
         <file>rts6600_elf.lib</file>
         <name>memcpy64.obj</name>
      </input_file>
      <input_file id="fl-a1">
         <path>D:\ti\ccsv5\tools\compiler\c6000_7.4.4\lib\</path>
         <kind>archive</kind>
         <file>rts6600_elf.lib</file>
         <name>memset.obj</name>
      </input_file>
      <input_file id="fl-a2">
         <path>D:\ti\ccsv5\tools\compiler\c6000_7.4.4\lib\</path>
         <kind>archive</kind>
         <file>rts6600_elf.lib</file>
         <name>negll.obj</name>
      </input_file>
      <input_file id="fl-a3">
         <path>D:\ti\ccsv5\tools\compiler\c6000_7.4.4\lib\</path>
         <kind>archive</kind>
         <file>rts6600_elf.lib</file>
         <name>printf.obj</name>
      </input_file>
      <input_file id="fl-a4">
         <path>D:\ti\ccsv5\tools\compiler\c6000_7.4.4\lib\</path>
         <kind>archive</kind>
         <file>rts6600_elf.lib</file>
         <name>remi.obj</name>
      </input_file>
      <input_file id="fl-a5">
         <path>D:\ti\ccsv5\tools\compiler\c6000_7.4.4\lib\</path>
         <kind>archive</kind>
         <file>rts6600_elf.lib</file>
         <name>remu.obj</name>
      </input_file>
      <input_file id="fl-a6">
         <path>D:\ti\ccsv5\tools\compiler\c6000_7.4.4\lib\</path>
         <kind>archive</kind>
         <file>rts6600_elf.lib</file>
         <name>sqrt.obj</name>
      </input_file>
      <input_file id="fl-a7">
         <path>D:\ti\ccsv5\tools\compiler\c6000_7.4.4\lib\</path>
         <kind>archive</kind>
         <file>rts6600_elf.lib</file>
         <name>strasg.obj</name>
      </input_file>
      <input_file id="fl-a8">
         <path>D:\ti\ccsv5\tools\compiler\c6000_7.4.4\lib\</path>
         <kind>archive</kind>
         <file>rts6600_elf.lib</file>
         <name>trgdrv.obj</name>
      </input_file>
      <input_file id="fl-a9">
         <path>D:\ti\ccsv5\tools\compiler\c6000_7.4.4\lib\</path>
         <kind>archive</kind>
         <file>rts6600_elf.lib</file>
         <name>trgmsg.obj</name>
      </input_file>
      <input_file id="fl-aa">
         <path>D:\ti\ccsv5\tools\compiler\c6000_7.4.4\lib\</path>
         <kind>archive</kind>
         <file>rts6600_elf.lib</file>
         <name>_io_perm.obj</name>
      </input_file>
      <input_file id="fl-ab">
         <path>D:\ti\ccsv5\tools\compiler\c6000_7.4.4\lib\</path>
         <kind>archive</kind>
         <file>rts6600_elf.lib</file>
         <name>_lock.obj</name>
      </input_file>
      <input_file id="fl-ac">
         <path>D:\ti\ccsv5\tools\compiler\c6000_7.4.4\lib\</path>
         <kind>archive</kind>
         <file>rts6600_elf.lib</file>
         <name>_printfi.obj</name>
      </input_file>
      <input_file id="fl-ad">
         <path>D:\ti\ccsv5\tools\compiler\c6000_7.4.4\lib\</path>
         <kind>archive</kind>
         <file>rts6600_elf.lib</file>
         <name>abs.obj</name>
      </input_file>
      <input_file id="fl-ae">
         <path>D:\ti\ccsv5\tools\compiler\c6000_7.4.4\lib\</path>
         <kind>archive</kind>
         <file>rts6600_elf.lib</file>
         <name>args_main.obj</name>
      </input_file>
      <input_file id="fl-af">
         <path>D:\ti\ccsv5\tools\compiler\c6000_7.4.4\lib\</path>
         <kind>archive</kind>
         <file>rts6600_elf.lib</file>
         <name>atoi.obj</name>
      </input_file>
      <input_file id="fl-b0">
         <path>D:\ti\ccsv5\tools\compiler\c6000_7.4.4\lib\</path>
         <kind>archive</kind>
         <file>rts6600_elf.lib</file>
         <name>autoinit.obj</name>
      </input_file>
      <input_file id="fl-b1">
         <path>D:\ti\ccsv5\tools\compiler\c6000_7.4.4\lib\</path>
         <kind>archive</kind>
         <file>rts6600_elf.lib</file>
         <name>cpp_init.obj</name>
      </input_file>
      <input_file id="fl-b2">
         <path>D:\ti\ccsv5\tools\compiler\c6000_7.4.4\lib\</path>
         <kind>archive</kind>
         <file>rts6600_elf.lib</file>
         <name>cpy_tbl.obj</name>
      </input_file>
      <input_file id="fl-b3">
         <path>D:\ti\ccsv5\tools\compiler\c6000_7.4.4\lib\</path>
         <kind>archive</kind>
         <file>rts6600_elf.lib</file>
         <name>ctype.obj</name>
      </input_file>
      <input_file id="fl-b4">
         <path>D:\ti\ccsv5\tools\compiler\c6000_7.4.4\lib\</path>
         <kind>archive</kind>
         <file>rts6600_elf.lib</file>
         <name>defs.obj</name>
      </input_file>
      <input_file id="fl-b5">
         <path>D:\ti\ccsv5\tools\compiler\c6000_7.4.4\lib\</path>
         <kind>archive</kind>
         <file>rts6600_elf.lib</file>
         <name>divd.obj</name>
      </input_file>
      <input_file id="fl-b6">
         <path>D:\ti\ccsv5\tools\compiler\c6000_7.4.4\lib\</path>
         <kind>archive</kind>
         <file>rts6600_elf.lib</file>
         <name>errno.obj</name>
      </input_file>
      <input_file id="fl-b7">
         <path>D:\ti\ccsv5\tools\compiler\c6000_7.4.4\lib\</path>
         <kind>archive</kind>
         <file>rts6600_elf.lib</file>
         <name>fflush.obj</name>
      </input_file>
      <input_file id="fl-b8">
         <path>D:\ti\ccsv5\tools\compiler\c6000_7.4.4\lib\</path>
         <kind>archive</kind>
         <file>rts6600_elf.lib</file>
         <name>fputc.obj</name>
      </input_file>
      <input_file id="fl-b9">
         <path>D:\ti\ccsv5\tools\compiler\c6000_7.4.4\lib\</path>
         <kind>archive</kind>
         <file>rts6600_elf.lib</file>
         <name>frcmpyd_div.obj</name>
      </input_file>
      <input_file id="fl-ba">
         <path>D:\ti\ccsv5\tools\compiler\c6000_7.4.4\lib\</path>
         <kind>archive</kind>
         <file>rts6600_elf.lib</file>
         <name>fseek.obj</name>
      </input_file>
      <input_file id="fl-bb">
         <path>D:\ti\ccsv5\tools\compiler\c6000_7.4.4\lib\</path>
         <kind>archive</kind>
         <file>rts6600_elf.lib</file>
         <name>imath40.obj</name>
      </input_file>
      <input_file id="fl-bc">
         <path>D:\ti\ccsv5\tools\compiler\c6000_7.4.4\lib\</path>
         <kind>archive</kind>
         <file>rts6600_elf.lib</file>
         <name>isinf.obj</name>
      </input_file>
      <input_file id="fl-bd">
         <path>D:\ti\ccsv5\tools\compiler\c6000_7.4.4\lib\</path>
         <kind>archive</kind>
         <file>rts6600_elf.lib</file>
         <name>ltoa.obj</name>
      </input_file>
      <input_file id="fl-be">
         <path>D:\ti\ccsv5\tools\compiler\c6000_7.4.4\lib\</path>
         <kind>archive</kind>
         <file>rts6600_elf.lib</file>
         <name>memccpy.obj</name>
      </input_file>
      <input_file id="fl-bf">
         <path>D:\ti\ccsv5\tools\compiler\c6000_7.4.4\lib\</path>
         <kind>archive</kind>
         <file>rts6600_elf.lib</file>
         <name>setvbuf.obj</name>
      </input_file>
      <input_file id="fl-c0">
         <path>D:\ti\ccsv5\tools\compiler\c6000_7.4.4\lib\</path>
         <kind>archive</kind>
         <file>rts6600_elf.lib</file>
         <name>tls.obj</name>
      </input_file>
      <input_file id="fl-c1">
         <path>D:\ti\ccsv5\tools\compiler\c6000_7.4.4\lib\</path>
         <kind>archive</kind>
         <file>rts6600_elf.lib</file>
         <name>tls_get_tp.obj</name>
      </input_file>
      <input_file id="fl-c2">
         <path>D:\ti\ccsv5\tools\compiler\c6000_7.4.4\lib\</path>
         <kind>archive</kind>
         <file>rts6600_elf.lib</file>
         <name>fopen.obj</name>
      </input_file>
      <input_file id="fl-c3">
         <path>D:\ti\ccsv5\tools\compiler\c6000_7.4.4\lib\</path>
         <kind>archive</kind>
         <file>rts6600_elf.lib</file>
         <name>memory.obj</name>
      </input_file>
      <input_file id="fl-c4">
         <path>D:\ti\ccsv5\tools\compiler\c6000_7.4.4\lib\</path>
         <kind>archive</kind>
         <file>rts6600_elf.lib</file>
         <name>fclose.obj</name>
      </input_file>
      <input_file id="fl-c5">
         <path>D:\ti\ccsv5\tools\compiler\c6000_7.4.4\lib\</path>
         <kind>archive</kind>
         <file>rts6600_elf.lib</file>
         <name>remove.obj</name>
      </input_file>
   </input_file_list>
   <object_component_list>
      <object_component id="oc-22">
         <name>vecs</name>
         <load_address>0x10800000</load_address>
         <run_address>0x10800000</run_address>
         <size>0x200</size>
         <input_file_ref idref="fl-5"/>
      </object_component>
      <object_component id="oc-9c">
         <name>.text</name>
         <load_address>0x108002c0</load_address>
         <run_address>0x108002c0</run_address>
         <size>0xe360</size>
         <input_file_ref idref="fl-9"/>
      </object_component>
      <object_component id="oc-92">
         <name>.text</name>
         <load_address>0x1080e620</load_address>
         <run_address>0x1080e620</run_address>
         <size>0x1cc0</size>
         <input_file_ref idref="fl-15"/>
      </object_component>
      <object_component id="oc-35">
         <name>.text:retain</name>
         <load_address>0x108102e0</load_address>
         <run_address>0x108102e0</run_address>
         <size>0xee0</size>
         <input_file_ref idref="fl-6"/>
      </object_component>
      <object_component id="oc-97">
         <name>.text</name>
         <load_address>0x108111c0</load_address>
         <run_address>0x108111c0</run_address>
         <size>0xc80</size>
         <input_file_ref idref="fl-4"/>
      </object_component>
      <object_component id="oc-158">
         <name>.text</name>
         <load_address>0x10811e40</load_address>
         <run_address>0x10811e40</run_address>
         <size>0x7e0</size>
         <input_file_ref idref="fl-10"/>
      </object_component>
      <object_component id="oc-4af">
         <name>.text</name>
         <load_address>0x10812620</load_address>
         <run_address>0x10812620</run_address>
         <size>0x6a0</size>
         <input_file_ref idref="fl-d"/>
      </object_component>
      <object_component id="oc-21e">
         <name>.text</name>
         <load_address>0x10812cc0</load_address>
         <run_address>0x10812cc0</run_address>
         <size>0x660</size>
         <input_file_ref idref="fl-13"/>
      </object_component>
      <object_component id="oc-89">
         <name>.text</name>
         <load_address>0x10813320</load_address>
         <run_address>0x10813320</run_address>
         <size>0x5e0</size>
         <input_file_ref idref="fl-6"/>
      </object_component>
      <object_component id="oc-73e">
         <name>.text:__c6xabi_divd</name>
         <load_address>0x10813900</load_address>
         <run_address>0x10813900</run_address>
         <size>0x5c0</size>
         <input_file_ref idref="fl-b5"/>
      </object_component>
      <object_component id="oc-686">
         <name>.text:_getarg_diouxp</name>
         <load_address>0x10813ec0</load_address>
         <run_address>0x10813ec0</run_address>
         <size>0x5c0</size>
         <input_file_ref idref="fl-ac"/>
      </object_component>
      <object_component id="oc-4aa">
         <name>.text</name>
         <load_address>0x10814480</load_address>
         <run_address>0x10814480</run_address>
         <size>0x4a0</size>
         <input_file_ref idref="fl-2"/>
      </object_component>
      <object_component id="oc-188">
         <name>.text:Pre_BKForecast</name>
         <load_address>0x10814920</load_address>
         <run_address>0x10814920</run_address>
         <size>0x460</size>
         <input_file_ref idref="fl-9"/>
      </object_component>
      <object_component id="oc-11f">
         <name>.text:_printfi</name>
         <load_address>0x10814d80</load_address>
         <run_address>0x10814d80</run_address>
         <size>0x460</size>
         <input_file_ref idref="fl-ac"/>
      </object_component>
      <object_component id="oc-3a2">
         <name>.text:_setfield</name>
         <load_address>0x108151e0</load_address>
         <run_address>0x108151e0</run_address>
         <size>0x460</size>
         <input_file_ref idref="fl-ac"/>
      </object_component>
      <object_component id="oc-557">
         <name>.text</name>
         <load_address>0x10815640</load_address>
         <run_address>0x10815640</run_address>
         <size>0x3c0</size>
         <input_file_ref idref="fl-f"/>
      </object_component>
      <object_component id="oc-200">
         <name>.text:fputs</name>
         <load_address>0x10815a00</load_address>
         <run_address>0x10815a00</run_address>
         <size>0x3a0</size>
         <input_file_ref idref="fl-9c"/>
      </object_component>
      <object_component id="oc-3a">
         <name>.text:retain</name>
         <load_address>0x10815da0</load_address>
         <run_address>0x10815da0</run_address>
         <size>0x3a0</size>
         <input_file_ref idref="fl-15"/>
      </object_component>
      <object_component id="oc-4d8">
         <name>.text:_pproc_fge</name>
         <load_address>0x10816140</load_address>
         <run_address>0x10816140</run_address>
         <size>0x320</size>
         <input_file_ref idref="fl-ac"/>
      </object_component>
      <object_component id="oc-39e">
         <name>.text:_pproc_fwp</name>
         <load_address>0x10816460</load_address>
         <run_address>0x10816460</run_address>
         <size>0x2e0</size>
         <input_file_ref idref="fl-ac"/>
      </object_component>
      <object_component id="oc-735">
         <name>.text:fcvt</name>
         <load_address>0x10816740</load_address>
         <run_address>0x10816740</run_address>
         <size>0x2a0</size>
         <input_file_ref idref="fl-ac"/>
      </object_component>
      <object_component id="oc-180">
         <name>.text:Pre_IntermFilter</name>
         <load_address>0x108169e0</load_address>
         <run_address>0x108169e0</run_address>
         <size>0x280</size>
         <input_file_ref idref="fl-9"/>
      </object_component>
      <object_component id="oc-132">
         <name>.text:__c6xabi_divf</name>
         <load_address>0x10816c60</load_address>
         <run_address>0x10816c60</run_address>
         <size>0x280</size>
         <input_file_ref idref="fl-97"/>
      </object_component>
      <object_component id="oc-728">
         <name>.text:ecvt</name>
         <load_address>0x10816ee0</load_address>
         <run_address>0x10816ee0</run_address>
         <size>0x280</size>
         <input_file_ref idref="fl-ac"/>
      </object_component>
      <object_component id="oc-6b0">
         <name>.text:free</name>
         <load_address>0x10817160</load_address>
         <run_address>0x10817160</run_address>
         <size>0x280</size>
         <input_file_ref idref="fl-c3"/>
      </object_component>
      <object_component id="oc-167">
         <name>.text</name>
         <load_address>0x108173e0</load_address>
         <run_address>0x108173e0</run_address>
         <size>0x260</size>
         <input_file_ref idref="fl-7"/>
      </object_component>
      <object_component id="oc-136">
         <name>.text:__c6xabi_divull</name>
         <load_address>0x10817640</load_address>
         <run_address>0x10817640</run_address>
         <size>0x240</size>
         <input_file_ref idref="fl-9d"/>
      </object_component>
      <object_component id="oc-681">
         <name>.text:_pconv_e</name>
         <load_address>0x10817880</load_address>
         <run_address>0x10817880</run_address>
         <size>0x240</size>
         <input_file_ref idref="fl-ac"/>
      </object_component>
      <object_component id="oc-4dc">
         <name>.text:_pproc_diouxp</name>
         <load_address>0x10817ac0</load_address>
         <run_address>0x10817ac0</run_address>
         <size>0x240</size>
         <input_file_ref idref="fl-ac"/>
      </object_component>
      <object_component id="oc-3a6">
         <name>.text:_pproc_str</name>
         <load_address>0x10817d00</load_address>
         <run_address>0x10817d00</run_address>
         <size>0x220</size>
         <input_file_ref idref="fl-ac"/>
      </object_component>
      <object_component id="oc-395">
         <name>.text:fputc</name>
         <load_address>0x10817f20</load_address>
         <run_address>0x10817f20</run_address>
         <size>0x220</size>
         <input_file_ref idref="fl-b8"/>
      </object_component>
      <object_component id="oc-679">
         <name>.text:_pconv_g</name>
         <load_address>0x10818140</load_address>
         <run_address>0x10818140</run_address>
         <size>0x200</size>
         <input_file_ref idref="fl-ac"/>
      </object_component>
      <object_component id="oc-53d">
         <name>.text:setvbuf</name>
         <load_address>0x10818340</load_address>
         <run_address>0x10818340</run_address>
         <size>0x200</size>
         <input_file_ref idref="fl-bf"/>
      </object_component>
      <object_component id="oc-730">
         <name>.text:_mcpy</name>
         <load_address>0x10818540</load_address>
         <run_address>0x10818540</run_address>
         <size>0x1c0</size>
         <input_file_ref idref="fl-ac"/>
      </object_component>
      <object_component id="oc-78c">
         <name>.text:HOSTrename</name>
         <load_address>0x10818700</load_address>
         <run_address>0x10818700</run_address>
         <size>0x1a0</size>
         <input_file_ref idref="fl-a8"/>
      </object_component>
      <object_component id="oc-7c0">
         <name>.text:__c6xabi_divul</name>
         <load_address>0x108188a0</load_address>
         <run_address>0x108188a0</run_address>
         <size>0x1a0</size>
         <input_file_ref idref="fl-bb"/>
      </object_component>
      <object_component id="oc-65">
         <name>.text:__TI_decompress_rle_core</name>
         <load_address>0x10818a40</load_address>
         <run_address>0x10818a40</run_address>
         <size>0x180</size>
         <input_file_ref idref="fl-95"/>
      </object_component>
      <object_component id="oc-6b4">
         <name>.text:malloc</name>
         <load_address>0x10818bc0</load_address>
         <run_address>0x10818bc0</run_address>
         <size>0x180</size>
         <input_file_ref idref="fl-c3"/>
      </object_component>
      <object_component id="oc-170">
         <name>.text:sqrt</name>
         <load_address>0x10818d40</load_address>
         <run_address>0x10818d40</run_address>
         <size>0x160</size>
         <input_file_ref idref="fl-a6"/>
      </object_component>
      <object_component id="oc-39a">
         <name>.text:_pproc_fflags</name>
         <load_address>0x10818ea0</load_address>
         <run_address>0x10818ea0</run_address>
         <size>0x140</size>
         <input_file_ref idref="fl-ac"/>
      </object_component>
      <object_component id="oc-7f5">
         <name>.text:getdevice</name>
         <load_address>0x10818fe0</load_address>
         <run_address>0x10818fe0</run_address>
         <size>0x140</size>
         <input_file_ref idref="fl-9f"/>
      </object_component>
      <object_component id="oc-75d">
         <name>.text:_closefile</name>
         <load_address>0x10819120</load_address>
         <run_address>0x10819120</run_address>
         <size>0x120</size>
         <input_file_ref idref="fl-c4"/>
      </object_component>
      <object_component id="oc-68e">
         <name>.text:_ltostr</name>
         <load_address>0x10819240</load_address>
         <run_address>0x10819240</run_address>
         <size>0x120</size>
         <input_file_ref idref="fl-ac"/>
      </object_component>
      <object_component id="oc-539">
         <name>.text:fseek</name>
         <load_address>0x10819360</load_address>
         <run_address>0x10819360</run_address>
         <size>0x120</size>
         <input_file_ref idref="fl-ba"/>
      </object_component>
      <object_component id="oc-784">
         <name>.text:HOSTlseek</name>
         <load_address>0x10819480</load_address>
         <run_address>0x10819480</run_address>
         <size>0x100</size>
         <input_file_ref idref="fl-a8"/>
      </object_component>
      <object_component id="oc-47">
         <name>.text:_auto_init_elf</name>
         <load_address>0x10819580</load_address>
         <run_address>0x10819580</run_address>
         <size>0x100</size>
         <input_file_ref idref="fl-b0"/>
      </object_component>
      <object_component id="oc-48d">
         <name>.text:_wrt_ok</name>
         <load_address>0x10819680</load_address>
         <run_address>0x10819680</run_address>
         <size>0x100</size>
         <input_file_ref idref="fl-aa"/>
      </object_component>
      <object_component id="oc-c1">
         <name>.text:copy_in</name>
         <load_address>0x10819780</load_address>
         <run_address>0x10819780</run_address>
         <size>0x100</size>
         <input_file_ref idref="fl-b2"/>
      </object_component>
      <object_component id="oc-178">
         <name>.text:AcquireData5</name>
         <load_address>0x10819880</load_address>
         <run_address>0x10819880</run_address>
         <size>0xe0</size>
         <input_file_ref idref="fl-9"/>
      </object_component>
      <object_component id="oc-774">
         <name>.text:HOSTopen</name>
         <load_address>0x10819960</load_address>
         <run_address>0x10819960</run_address>
         <size>0xe0</size>
         <input_file_ref idref="fl-a8"/>
      </object_component>
      <object_component id="oc-16c">
         <name>.text:__divi</name>
         <load_address>0x10819a40</load_address>
         <run_address>0x10819a40</run_address>
         <size>0xe0</size>
         <input_file_ref idref="fl-98"/>
      </object_component>
      <object_component id="oc-74f">
         <name>.text:_div</name>
         <load_address>0x10819b20</load_address>
         <run_address>0x10819b20</run_address>
         <size>0xe0</size>
         <input_file_ref idref="fl-ac"/>
      </object_component>
      <object_component id="oc-4d3">
         <name>.text:atoi</name>
         <load_address>0x10819c00</load_address>
         <run_address>0x10819c00</run_address>
         <size>0xe0</size>
         <input_file_ref idref="fl-af"/>
      </object_component>
      <object_component id="oc-7c7">
         <name>.text:close</name>
         <load_address>0x10819ce0</load_address>
         <run_address>0x10819ce0</run_address>
         <size>0xe0</size>
         <input_file_ref idref="fl-9f"/>
      </object_component>
      <object_component id="oc-2d">
         <name>.text:decompress:ZI:__TI_zero_init</name>
         <load_address>0x10819dc0</load_address>
         <run_address>0x10819dc0</run_address>
         <size>0xe0</size>
         <input_file_ref idref="fl-96"/>
      </object_component>
      <object_component id="oc-7ae">
         <name>.text:ltoa</name>
         <load_address>0x10819ea0</load_address>
         <run_address>0x10819ea0</run_address>
         <size>0xe0</size>
         <input_file_ref idref="fl-bd"/>
      </object_component>
      <object_component id="oc-143">
         <name>.text:memset</name>
         <load_address>0x10819f80</load_address>
         <run_address>0x10819f80</run_address>
         <size>0xe0</size>
         <input_file_ref idref="fl-a1"/>
      </object_component>
      <object_component id="oc-85">
         <name>.text:printf</name>
         <load_address>0x1081a060</load_address>
         <run_address>0x1081a060</run_address>
         <size>0xe0</size>
         <input_file_ref idref="fl-a3"/>
      </object_component>
      <object_component id="oc-77c">
         <name>.text:HOSTread</name>
         <load_address>0x1081a140</load_address>
         <run_address>0x1081a140</run_address>
         <size>0xc0</size>
         <input_file_ref idref="fl-a8"/>
      </object_component>
      <object_component id="oc-788">
         <name>.text:HOSTunlink</name>
         <load_address>0x1081a200</load_address>
         <run_address>0x1081a200</run_address>
         <size>0xc0</size>
         <input_file_ref idref="fl-a8"/>
      </object_component>
      <object_component id="oc-780">
         <name>.text:HOSTwrite</name>
         <load_address>0x1081a2c0</load_address>
         <run_address>0x1081a2c0</run_address>
         <size>0xc0</size>
         <input_file_ref idref="fl-a8"/>
      </object_component>
      <object_component id="oc-7bc">
         <name>.text:__divu</name>
         <load_address>0x1081a380</load_address>
         <run_address>0x1081a380</run_address>
         <size>0xc0</size>
         <input_file_ref idref="fl-99"/>
      </object_component>
      <object_component id="oc-174">
         <name>.text:__remi</name>
         <load_address>0x1081a440</load_address>
         <run_address>0x1081a440</run_address>
         <size>0xc0</size>
         <input_file_ref idref="fl-a4"/>
      </object_component>
      <object_component id="oc-491">
         <name>.text:_doflush</name>
         <load_address>0x1081a500</load_address>
         <run_address>0x1081a500</run_address>
         <size>0xc0</size>
         <input_file_ref idref="fl-b7"/>
      </object_component>
      <object_component id="oc-4f">
         <name>.text:exit</name>
         <load_address>0x1081a5c0</load_address>
         <run_address>0x1081a5c0</run_address>
         <size>0xc0</size>
         <input_file_ref idref="fl-9a"/>
      </object_component>
      <object_component id="oc-c5">
         <name>.text:tls:init:__TI_tls_init</name>
         <load_address>0x1081a680</load_address>
         <run_address>0x1081a680</run_address>
         <size>0xc0</size>
         <input_file_ref idref="fl-c0"/>
      </object_component>
      <object_component id="oc-778">
         <name>.text:HOSTclose</name>
         <load_address>0x1081a740</load_address>
         <run_address>0x1081a740</run_address>
         <size>0xa0</size>
         <input_file_ref idref="fl-a8"/>
      </object_component>
      <object_component id="oc-8e">
         <name>.text:__remu</name>
         <load_address>0x1081a7e0</load_address>
         <run_address>0x1081a7e0</run_address>
         <size>0xa0</size>
         <input_file_ref idref="fl-a5"/>
      </object_component>
      <object_component id="oc-6ac">
         <name>.text:_cleanup</name>
         <load_address>0x1081a880</load_address>
         <run_address>0x1081a880</run_address>
         <size>0xa0</size>
         <input_file_ref idref="fl-c2"/>
      </object_component>
      <object_component id="oc-72c">
         <name>.text:_ecpy</name>
         <load_address>0x1081a920</load_address>
         <run_address>0x1081a920</run_address>
         <size>0xa0</size>
         <input_file_ref idref="fl-ac"/>
      </object_component>
      <object_component id="oc-739">
         <name>.text:_fcpy</name>
         <load_address>0x1081a9c0</load_address>
         <run_address>0x1081a9c0</run_address>
         <size>0xa0</size>
         <input_file_ref idref="fl-ac"/>
      </object_component>
      <object_component id="oc-76d">
         <name>.text:_minit</name>
         <load_address>0x1081aa60</load_address>
         <run_address>0x1081aa60</run_address>
         <size>0xa0</size>
         <input_file_ref idref="fl-c3"/>
      </object_component>
      <object_component id="oc-67d">
         <name>.text:_pconv_f</name>
         <load_address>0x1081ab00</load_address>
         <run_address>0x1081ab00</run_address>
         <size>0xa0</size>
         <input_file_ref idref="fl-ac"/>
      </object_component>
      <object_component id="oc-809">
         <name>.text:finddevice</name>
         <load_address>0x1081aba0</load_address>
         <run_address>0x1081aba0</run_address>
         <size>0xa0</size>
         <input_file_ref idref="fl-9f"/>
      </object_component>
      <object_component id="oc-6a6">
         <name>.text:lseek</name>
         <load_address>0x1081ac40</load_address>
         <run_address>0x1081ac40</run_address>
         <size>0xa0</size>
         <input_file_ref idref="fl-9f"/>
      </object_component>
      <object_component id="oc-55">
         <name>.text:memcpy</name>
         <load_address>0x1081ace0</load_address>
         <run_address>0x1081ace0</run_address>
         <size>0xa0</size>
         <input_file_ref idref="fl-a0"/>
      </object_component>
      <object_component id="oc-768">
         <name>.text:minsert</name>
         <load_address>0x1081ad80</load_address>
         <run_address>0x1081ad80</run_address>
         <size>0xa0</size>
         <input_file_ref idref="fl-c3"/>
      </object_component>
      <object_component id="oc-764">
         <name>.text:mremove</name>
         <load_address>0x1081ae20</load_address>
         <run_address>0x1081ae20</run_address>
         <size>0xa0</size>
         <input_file_ref idref="fl-c3"/>
      </object_component>
      <object_component id="oc-495">
         <name>.text:write</name>
         <load_address>0x1081aec0</load_address>
         <run_address>0x1081aec0</run_address>
         <size>0xa0</size>
         <input_file_ref idref="fl-9f"/>
      </object_component>
      <object_component id="oc-3e2">
         <name>.text:__c6xabi_fixfu</name>
         <load_address>0x1081af60</load_address>
         <run_address>0x1081af60</run_address>
         <size>0x80</size>
         <input_file_ref idref="fl-9b"/>
      </object_component>
      <object_component id="oc-3bf">
         <name>.text:__c6xabi_llshl</name>
         <load_address>0x1081afe0</load_address>
         <run_address>0x1081afe0</run_address>
         <size>0x80</size>
         <input_file_ref idref="fl-9e"/>
      </object_component>
      <object_component id="oc-4c0">
         <name>.text</name>
         <load_address>0x1081b060</load_address>
         <run_address>0x1081b060</run_address>
         <size>0x80</size>
         <input_file_ref idref="fl-b"/>
      </object_component>
      <object_component id="oc-7de">
         <name>.text:readmsg</name>
         <load_address>0x1081b0e0</load_address>
         <run_address>0x1081b0e0</run_address>
         <size>0x80</size>
         <input_file_ref idref="fl-a9"/>
      </object_component>
      <object_component id="oc-7cb">
         <name>.text:unlink</name>
         <load_address>0x1081b160</load_address>
         <run_address>0x1081b160</run_address>
         <size>0x80</size>
         <input_file_ref idref="fl-9f"/>
      </object_component>
      <object_component id="oc-c9">
         <name>.text:__TI_cpp_init</name>
         <load_address>0x1081b1e0</load_address>
         <run_address>0x1081b1e0</run_address>
         <size>0x60</size>
         <input_file_ref idref="fl-b1"/>
      </object_component>
      <object_component id="oc-7b7">
         <name>.text:__c6xabi_frcmpyd_div</name>
         <load_address>0x1081b240</load_address>
         <run_address>0x1081b240</run_address>
         <size>0x60</size>
         <input_file_ref idref="fl-b9"/>
      </object_component>
      <object_component id="oc-3c7">
         <name>.text:__c6xabi_llshru</name>
         <load_address>0x1081b2a0</load_address>
         <run_address>0x1081b2a0</run_address>
         <size>0x60</size>
         <input_file_ref idref="fl-9e"/>
      </object_component>
      <object_component id="oc-3c3">
         <name>.text:_subcull</name>
         <load_address>0x1081b300</load_address>
         <run_address>0x1081b300</run_address>
         <size>0x60</size>
         <input_file_ref idref="fl-9d"/>
      </object_component>
      <object_component id="oc-4e0">
         <name>.text:memccpy</name>
         <load_address>0x1081b360</load_address>
         <run_address>0x1081b360</run_address>
         <size>0x60</size>
         <input_file_ref idref="fl-be"/>
      </object_component>
      <object_component id="oc-7da">
         <name>.text:writemsg</name>
         <load_address>0x1081b3c0</load_address>
         <run_address>0x1081b3c0</run_address>
         <size>0x60</size>
         <input_file_ref idref="fl-a9"/>
      </object_component>
      <object_component id="oc-675">
         <name>.text:__c6xabi_isinf</name>
         <load_address>0x1081b420</load_address>
         <run_address>0x1081b420</run_address>
         <size>0x40</size>
         <input_file_ref idref="fl-bc"/>
      </object_component>
      <object_component id="oc-671">
         <name>.text:__c6xabi_isnan</name>
         <load_address>0x1081b460</load_address>
         <run_address>0x1081b460</run_address>
         <size>0x40</size>
         <input_file_ref idref="fl-ac"/>
      </object_component>
      <object_component id="oc-13f">
         <name>.text:__strasgi_64plus</name>
         <load_address>0x1081b4a0</load_address>
         <run_address>0x1081b4a0</run_address>
         <size>0x40</size>
         <input_file_ref idref="fl-a7"/>
      </object_component>
      <object_component id="oc-4b">
         <name>.text:_args_main</name>
         <load_address>0x1081b4e0</load_address>
         <run_address>0x1081b4e0</run_address>
         <size>0x40</size>
         <input_file_ref idref="fl-ae"/>
      </object_component>
      <object_component id="oc-223">
         <name>.text</name>
         <load_address>0x1081b520</load_address>
         <run_address>0x1081b520</run_address>
         <size>0x40</size>
         <input_file_ref idref="fl-12"/>
      </object_component>
      <object_component id="oc-3b">
         <name>.text</name>
         <load_address>0x1081b560</load_address>
         <run_address>0x1081b560</run_address>
         <size>0x40</size>
         <input_file_ref idref="fl-5"/>
      </object_component>
      <object_component id="oc-b5">
         <name>.text:puts</name>
         <load_address>0x1081b5a0</load_address>
         <run_address>0x1081b5a0</run_address>
         <size>0x40</size>
         <input_file_ref idref="fl-9c"/>
      </object_component>
      <object_component id="oc-435">
         <name>.text:__c6xabi_errno_addr</name>
         <load_address>0x1081b5e0</load_address>
         <run_address>0x1081b5e0</run_address>
         <size>0x20</size>
         <input_file_ref idref="fl-b6"/>
      </object_component>
      <object_component id="oc-68a">
         <name>.text:__c6xabi_negll</name>
         <load_address>0x1081b600</load_address>
         <run_address>0x1081b600</run_address>
         <size>0x20</size>
         <input_file_ref idref="fl-a2"/>
      </object_component>
      <object_component id="oc-38a">
         <name>.text:_nop</name>
         <load_address>0x1081b620</load_address>
         <run_address>0x1081b620</run_address>
         <size>0x20</size>
         <input_file_ref idref="fl-ab"/>
      </object_component>
      <object_component id="oc-11b">
         <name>.text:_outc</name>
         <load_address>0x1081b640</load_address>
         <run_address>0x1081b640</run_address>
         <size>0x20</size>
         <input_file_ref idref="fl-a3"/>
      </object_component>
      <object_component id="oc-117">
         <name>.text:_outs</name>
         <load_address>0x1081b660</load_address>
         <run_address>0x1081b660</run_address>
         <size>0x20</size>
         <input_file_ref idref="fl-a3"/>
      </object_component>
      <object_component id="oc-db">
         <name>.text:abort</name>
         <load_address>0x1081b680</load_address>
         <run_address>0x1081b680</run_address>
         <size>0x20</size>
         <input_file_ref idref="fl-9a"/>
      </object_component>
      <object_component id="oc-29">
         <name>.text:decompress:none:__TI_decompress_none</name>
         <load_address>0x1081b6a0</load_address>
         <run_address>0x1081b6a0</run_address>
         <size>0x20</size>
         <input_file_ref idref="fl-94"/>
      </object_component>
      <object_component id="oc-31">
         <name>.text:decompress:rle24:__TI_decompress_rle24</name>
         <load_address>0x1081b6c0</load_address>
         <run_address>0x1081b6c0</run_address>
         <size>0x20</size>
         <input_file_ref idref="fl-95"/>
      </object_component>
      <object_component id="oc-ce">
         <name>.text</name>
         <load_address>0x1081b6e0</load_address>
         <run_address>0x1081b6e0</run_address>
         <size>0x20</size>
         <input_file_ref idref="fl-14"/>
      </object_component>
      <object_component id="oc-43">
         <name>.stack</name>
         <load_address>0x10840000</load_address>
         <run_address>0x10840000</run_address>
         <size>0x8</size>
         <input_file_ref idref="fl-93"/>
      </object_component>
      <object_component id="oc-84a">
         <name>.stack</name>
         <load_address>0x10840000</load_address>
         <run_address>0x10840000</run_address>
         <size>0x0</size>
      </object_component>
      <object_component id="oc-15f">
         <name>.neardata</name>
         <load_address>0x10858e20</load_address>
         <run_address>0x10858e20</run_address>
         <size>0x210</size>
         <input_file_ref idref="fl-9"/>
      </object_component>
      <object_component id="oc-83">
         <name>.neardata</name>
         <load_address>0x10859030</load_address>
         <run_address>0x10859030</run_address>
         <size>0xa4</size>
         <input_file_ref idref="fl-15"/>
      </object_component>
      <object_component id="oc-79">
         <name>.neardata</name>
         <load_address>0x108590d4</load_address>
         <run_address>0x108590d4</run_address>
         <size>0x50</size>
         <input_file_ref idref="fl-6"/>
      </object_component>
      <object_component id="oc-77">
         <name>.neardata</name>
         <load_address>0x10859124</load_address>
         <run_address>0x10859124</run_address>
         <size>0x16</size>
         <input_file_ref idref="fl-11"/>
      </object_component>
      <object_component id="oc-6d8">
         <name>.neardata</name>
         <load_address>0x1085913c</load_address>
         <run_address>0x1085913c</run_address>
         <size>0x4</size>
         <input_file_ref idref="fl-f"/>
      </object_component>
      <object_component id="oc-152">
         <name>.neardata</name>
         <load_address>0x10859140</load_address>
         <run_address>0x10859140</run_address>
         <size>0x4</size>
         <input_file_ref idref="fl-4"/>
      </object_component>
      <object_component id="oc-75">
         <name>.neardata</name>
         <load_address>0x10859144</load_address>
         <run_address>0x10859144</run_address>
         <size>0x4</size>
         <input_file_ref idref="fl-16"/>
      </object_component>
      <object_component id="oc-7b">
         <name>.bss</name>
         <uninitialized>true</uninitialized>
         <run_address>0x10859148</run_address>
         <size>0x98</size>
         <input_file_ref idref="fl-9"/>
      </object_component>
      <object_component id="oc-7d">
         <name>.bss</name>
         <uninitialized>true</uninitialized>
         <run_address>0x108591ec</run_address>
         <size>0x2</size>
         <input_file_ref idref="fl-6"/>
      </object_component>
      <object_component id="oc-154">
         <name>.bss</name>
         <uninitialized>true</uninitialized>
         <run_address>0x108591e0</run_address>
         <size>0x4</size>
         <input_file_ref idref="fl-4"/>
      </object_component>
      <object_component id="oc-165">
         <name>.bss</name>
         <uninitialized>true</uninitialized>
         <run_address>0x108591e4</run_address>
         <size>0x4</size>
         <input_file_ref idref="fl-7"/>
      </object_component>
      <object_component id="oc-54f">
         <name>.bss</name>
         <uninitialized>true</uninitialized>
         <run_address>0x108591e8</run_address>
         <size>0x4</size>
         <input_file_ref idref="fl-d"/>
      </object_component>
      <object_component id="oc-7f">
         <name>.far</name>
         <load_address>0x10858418</load_address>
         <run_address>0x10858418</run_address>
         <size>0x220</size>
         <input_file_ref idref="fl-9"/>
      </object_component>
      <object_component id="oc-b2">
         <name>.far</name>
         <load_address>0x10858928</load_address>
         <run_address>0x10858928</run_address>
         <size>0x6c</size>
         <input_file_ref idref="fl-15"/>
      </object_component>
      <object_component id="oc-156">
         <name>.far:HyperLinkInit</name>
         <load_address>0x10858000</load_address>
         <run_address>0x10858000</run_address>
         <size>0x418</size>
         <input_file_ref idref="fl-4"/>
      </object_component>
      <object_component id="oc-161">
         <name>.far</name>
         <load_address>0x108589f0</load_address>
         <run_address>0x108589f0</run_address>
         <size>0x10</size>
         <input_file_ref idref="fl-7"/>
      </object_component>
      <object_component id="oc-3cc">
         <name>.far:Core_MPAX</name>
         <load_address>0x108589e0</load_address>
         <run_address>0x108589e0</run_address>
         <size>0x10</size>
         <input_file_ref idref="fl-15"/>
      </object_component>
      <object_component id="oc-4b4">
         <name>.far:Core_MPAX</name>
         <load_address>0x10858878</load_address>
         <run_address>0x10858878</run_address>
         <size>0xb0</size>
         <input_file_ref idref="fl-13"/>
      </object_component>
      <object_component id="oc-548">
         <name>.far:Core_MPAX</name>
         <load_address>0x108589d0</load_address>
         <run_address>0x108589d0</run_address>
         <size>0x10</size>
         <input_file_ref idref="fl-2"/>
      </object_component>
      <object_component id="oc-54c">
         <name>.far</name>
         <load_address>0x10858994</load_address>
         <run_address>0x10858994</run_address>
         <size>0x38</size>
         <input_file_ref idref="fl-d"/>
      </object_component>
      <object_component id="oc-551">
         <name>.far:testBuf</name>
         <load_address>0x10858778</load_address>
         <run_address>0x10858778</run_address>
         <size>0x100</size>
         <input_file_ref idref="fl-d"/>
      </object_component>
      <object_component id="oc-7cf">
         <name>.far</name>
         <load_address>0x10858638</load_address>
         <run_address>0x10858638</run_address>
         <size>0x140</size>
         <input_file_ref idref="fl-b4"/>
      </object_component>
      <object_component id="oc-7d8">
         <name>.far</name>
         <load_address>0x10858a00</load_address>
         <run_address>0x10858a00</run_address>
         <size>0x8</size>
         <input_file_ref idref="fl-a8"/>
      </object_component>
      <object_component id="oc-70">
         <name>.fardata:iIPCGRInfo</name>
         <load_address>0x10858dc8</load_address>
         <run_address>0x10858dc8</run_address>
         <size>0x20</size>
         <input_file_ref idref="fl-6"/>
      </object_component>
      <object_component id="oc-72">
         <name>.fardata:iIPCARInfo</name>
         <load_address>0x10858da8</load_address>
         <run_address>0x10858da8</run_address>
         <size>0x20</size>
         <input_file_ref idref="fl-6"/>
      </object_component>
      <object_component id="oc-d9">
         <name>.fardata</name>
         <load_address>0x10858df4</load_address>
         <run_address>0x10858df4</run_address>
         <size>0xc</size>
         <input_file_ref idref="fl-9a"/>
      </object_component>
      <object_component id="oc-113">
         <name>.fardata</name>
         <load_address>0x10858e0c</load_address>
         <run_address>0x10858e0c</run_address>
         <size>0x8</size>
         <input_file_ref idref="fl-ab"/>
      </object_component>
      <object_component id="oc-115">
         <name>.fardata:_ftable</name>
         <load_address>0x10858a08</load_address>
         <run_address>0x10858a08</run_address>
         <size>0x1e0</size>
         <input_file_ref idref="fl-b4"/>
      </object_component>
      <object_component id="oc-12c">
         <name>.fardata:gpEDMA_TC_regs</name>
         <load_address>0x10858d60</load_address>
         <run_address>0x10858d60</run_address>
         <size>0x28</size>
         <input_file_ref idref="fl-15"/>
      </object_component>
      <object_component id="oc-12e">
         <name>.fardata:gpEDMA_CC_regs</name>
         <load_address>0x10858de8</load_address>
         <run_address>0x10858de8</run_address>
         <size>0xc</size>
         <input_file_ref idref="fl-15"/>
      </object_component>
      <object_component id="oc-130">
         <name>.fardata:gCIC_EXC_EN_MASK</name>
         <load_address>0x10858d88</load_address>
         <run_address>0x10858d88</run_address>
         <size>0x20</size>
         <input_file_ref idref="fl-15"/>
      </object_component>
      <object_component id="oc-535">
         <name>.fardata</name>
         <load_address>0x10858e14</load_address>
         <run_address>0x10858e14</run_address>
         <size>0x4</size>
         <input_file_ref idref="fl-b6"/>
      </object_component>
      <object_component id="oc-545">
         <name>.fardata:_stream</name>
         <load_address>0x10858be8</load_address>
         <run_address>0x10858be8</run_address>
         <size>0xa0</size>
         <input_file_ref idref="fl-9f"/>
      </object_component>
      <object_component id="oc-553">
         <name>.fardata</name>
         <load_address>0x10858d00</load_address>
         <run_address>0x10858d00</run_address>
         <size>0x5c</size>
         <input_file_ref idref="fl-d"/>
      </object_component>
      <object_component id="oc-555">
         <name>.fardata:uiDataPatternTable</name>
         <load_address>0x10858e18</load_address>
         <run_address>0x10858e18</run_address>
         <size>0x8</size>
         <input_file_ref idref="fl-d"/>
      </object_component>
      <object_component id="oc-6be">
         <name>.fardata:_device</name>
         <load_address>0x10858c88</load_address>
         <run_address>0x10858c88</run_address>
         <size>0x78</size>
         <input_file_ref idref="fl-9f"/>
      </object_component>
      <object_component id="oc-75b">
         <name>.fardata</name>
         <load_address>0x10858d5c</load_address>
         <run_address>0x10858d5c</run_address>
         <size>0x4</size>
         <input_file_ref idref="fl-b4"/>
      </object_component>
      <object_component id="oc-762">
         <name>.fardata</name>
         <load_address>0x10858e00</load_address>
         <run_address>0x10858e00</run_address>
         <size>0xc</size>
         <input_file_ref idref="fl-c3"/>
      </object_component>
      <object_component id="oc-800">
         <name>.cio</name>
         <uninitialized>true</uninitialized>
         <run_address>0x108591f0</run_address>
         <size>0x120</size>
         <input_file_ref idref="fl-a9"/>
      </object_component>
      <object_component id="oc-45">
         <name>.sysmem</name>
         <uninitialized>true</uninitialized>
         <run_address>0x10850000</run_address>
         <size>0x8</size>
         <input_file_ref idref="fl-c3"/>
      </object_component>
      <object_component id="oc-84b">
         <name>.sysmem</name>
         <uninitialized>true</uninitialized>
         <run_address>0x10850000</run_address>
         <size>0x0</size>
      </object_component>
      <object_component id="oc-13a">
         <name>.text:Core_MPAX</name>
         <load_address>0x1081b700</load_address>
         <run_address>0x1081b700</run_address>
         <size>0x440</size>
         <input_file_ref idref="fl-15"/>
      </object_component>
      <object_component id="oc-843">
         <name>.cinit..neardata.load</name>
         <load_address>0xc0007f8</load_address>
         <run_address>0xc0007f8</run_address>
         <size>0x2aa</size>
      </object_component>
      <object_component id="oc-846">
         <name>.cinit..fardata.load</name>
         <load_address>0xc000aa4</load_address>
         <run_address>0xc000aa4</run_address>
         <size>0x10c</size>
      </object_component>
      <object_component id="oc-845">
         <name>.cinit..far.load</name>
         <load_address>0xc000bb0</load_address>
         <run_address>0xc000bb0</run_address>
         <size>0xb6</size>
      </object_component>
      <object_component id="oc-841">
         <name>__TI_handler_table</name>
         <load_address>0xc000c68</load_address>
         <run_address>0xc000c68</run_address>
         <size>0xc</size>
      </object_component>
      <object_component id="oc-844">
         <name>.cinit..bss.load</name>
         <load_address>0xc000c74</load_address>
         <run_address>0xc000c74</run_address>
         <size>0x8</size>
      </object_component>
      <object_component id="oc-849">
         <name>.cinit..sync.load</name>
         <load_address>0xc000c7c</load_address>
         <run_address>0xc000c7c</run_address>
         <size>0x8</size>
      </object_component>
      <object_component id="oc-848">
         <name>.cinit.ImageData.SL2.load</name>
         <load_address>0xc000c84</load_address>
         <run_address>0xc000c84</run_address>
         <size>0x8</size>
      </object_component>
      <object_component id="oc-847">
         <name>.cinit.core0_Data.SL2.load</name>
         <load_address>0xc000c8c</load_address>
         <run_address>0xc000c8c</run_address>
         <size>0x8</size>
      </object_component>
      <object_component id="oc-842">
         <name>__TI_cinit_table</name>
         <load_address>0xc000c94</load_address>
         <run_address>0xc000c94</run_address>
         <size>0x38</size>
      </object_component>
      <object_component id="oc-b4">
         <name>.const:.string</name>
         <load_address>0xc000000</load_address>
         <run_address>0xc000000</run_address>
         <size>0x348</size>
         <input_file_ref idref="fl-15"/>
      </object_component>
      <object_component id="oc-54e">
         <name>.const:.string</name>
         <load_address>0xc000348</load_address>
         <run_address>0xc000348</run_address>
         <size>0x190</size>
         <input_file_ref idref="fl-d"/>
      </object_component>
      <object_component id="oc-6da">
         <name>.const:.string</name>
         <load_address>0xc0004d8</load_address>
         <run_address>0xc0004d8</run_address>
         <size>0x108</size>
         <input_file_ref idref="fl-f"/>
      </object_component>
      <object_component id="oc-66d">
         <name>.const:.string:_ctypes_</name>
         <load_address>0xc0005e0</load_address>
         <run_address>0xc0005e0</run_address>
         <size>0x101</size>
         <input_file_ref idref="fl-b3"/>
      </object_component>
      <object_component id="oc-1ff">
         <name>.const:.string</name>
         <load_address>0xc0006e1</load_address>
         <run_address>0xc0006e1</run_address>
         <size>0x2</size>
         <input_file_ref idref="fl-9c"/>
      </object_component>
      <object_component id="oc-74">
         <name>.const:.string</name>
         <load_address>0xc0006e4</load_address>
         <run_address>0xc0006e4</run_address>
         <size>0x74</size>
         <input_file_ref idref="fl-6"/>
      </object_component>
      <object_component id="oc-54a">
         <name>.const:.string</name>
         <load_address>0xc000758</load_address>
         <run_address>0xc000758</run_address>
         <size>0x4c</size>
         <input_file_ref idref="fl-2"/>
      </object_component>
      <object_component id="oc-4e4">
         <name>.const:.string</name>
         <load_address>0xc0007a4</load_address>
         <run_address>0xc0007a4</run_address>
         <size>0x23</size>
         <input_file_ref idref="fl-ac"/>
      </object_component>
      <object_component id="oc-5be">
         <name>.const:.string</name>
         <load_address>0xc0007c8</load_address>
         <run_address>0xc0007c8</run_address>
         <size>0x20</size>
         <input_file_ref idref="fl-b"/>
      </object_component>
      <object_component id="oc-4b8">
         <name>.const:.string</name>
         <load_address>0xc0007e8</load_address>
         <run_address>0xc0007e8</run_address>
         <size>0x10</size>
         <input_file_ref idref="fl-13"/>
      </object_component>
      <object_component id="oc-163">
         <name>core0_Data.SL2</name>
         <uninitialized>true</uninitialized>
         <run_address>0xc008000</run_address>
         <size>0x8000</size>
         <input_file_ref idref="fl-9"/>
      </object_component>
      <object_component id="oc-81">
         <name>ImageData.SL2</name>
         <uninitialized>true</uninitialized>
         <run_address>0xc040000</run_address>
         <size>0x235c38</size>
         <input_file_ref idref="fl-7"/>
      </object_component>
      <object_component id="oc-4b6">
         <name>.sync</name>
         <uninitialized>true</uninitialized>
         <run_address>0xc2e0000</run_address>
         <size>0x80</size>
         <input_file_ref idref="fl-6"/>
      </object_component>
      <object_component id="oc-21">
         <name>.text:_c_int00</name>
         <load_address>0x10800200</load_address>
         <run_address>0x10800200</run_address>
         <size>0x80</size>
         <input_file_ref idref="fl-93"/>
      </object_component>
      <object_component id="oc-23">
         <name>.debug_info</name>
         <load_address>0x0</load_address>
         <run_address>0x0</run_address>
         <size>0xe1</size>
         <input_file_ref idref="fl-5"/>
      </object_component>
      <object_component id="oc-26">
         <name>.debug_info</name>
         <load_address>0xe1</load_address>
         <run_address>0xe1</run_address>
         <size>0x110</size>
         <input_file_ref idref="fl-93"/>
      </object_component>
      <object_component id="oc-2a">
         <name>.debug_info</name>
         <load_address>0x1f1</load_address>
         <run_address>0x1f1</run_address>
         <size>0x14f</size>
         <input_file_ref idref="fl-94"/>
      </object_component>
      <object_component id="oc-2e">
         <name>.debug_info</name>
         <load_address>0x340</load_address>
         <run_address>0x340</run_address>
         <size>0x190</size>
         <input_file_ref idref="fl-96"/>
      </object_component>
      <object_component id="oc-32">
         <name>.debug_info</name>
         <load_address>0x4d0</load_address>
         <run_address>0x4d0</run_address>
         <size>0x16c</size>
         <input_file_ref idref="fl-95"/>
      </object_component>
      <object_component id="oc-36">
         <name>.debug_info</name>
         <load_address>0x63c</load_address>
         <run_address>0x63c</run_address>
         <size>0x721</size>
         <input_file_ref idref="fl-6"/>
      </object_component>
      <object_component id="oc-3c">
         <name>.debug_info</name>
         <load_address>0xd5d</load_address>
         <run_address>0xd5d</run_address>
         <size>0xe0</size>
         <input_file_ref idref="fl-5"/>
      </object_component>
      <object_component id="oc-3f">
         <name>.debug_info</name>
         <load_address>0xe3d</load_address>
         <run_address>0xe3d</run_address>
         <size>0x1e8</size>
         <input_file_ref idref="fl-15"/>
      </object_component>
      <object_component id="oc-44">
         <name>.debug_info</name>
         <load_address>0x1025</load_address>
         <run_address>0x1025</run_address>
         <size>0xa7</size>
         <input_file_ref idref="fl-93"/>
      </object_component>
      <object_component id="oc-46">
         <name>.debug_info</name>
         <load_address>0x10cc</load_address>
         <run_address>0x10cc</run_address>
         <size>0xb3</size>
         <input_file_ref idref="fl-c3"/>
      </object_component>
      <object_component id="oc-48">
         <name>.debug_info</name>
         <load_address>0x117f</load_address>
         <run_address>0x117f</run_address>
         <size>0x190</size>
         <input_file_ref idref="fl-b0"/>
      </object_component>
      <object_component id="oc-4c">
         <name>.debug_info</name>
         <load_address>0x130f</load_address>
         <run_address>0x130f</run_address>
         <size>0xf6</size>
         <input_file_ref idref="fl-ae"/>
      </object_component>
      <object_component id="oc-50">
         <name>.debug_info</name>
         <load_address>0x1405</load_address>
         <run_address>0x1405</run_address>
         <size>0x10c</size>
         <input_file_ref idref="fl-9a"/>
      </object_component>
      <object_component id="oc-56">
         <name>.debug_info</name>
         <load_address>0x1511</load_address>
         <run_address>0x1511</run_address>
         <size>0xd6</size>
         <input_file_ref idref="fl-a0"/>
      </object_component>
      <object_component id="oc-5a">
         <name>.debug_info</name>
         <load_address>0x15e7</load_address>
         <run_address>0x15e7</run_address>
         <size>0x53</size>
         <input_file_ref idref="fl-94"/>
      </object_component>
      <object_component id="oc-60">
         <name>.debug_info</name>
         <load_address>0x163a</load_address>
         <run_address>0x163a</run_address>
         <size>0x53</size>
         <input_file_ref idref="fl-96"/>
      </object_component>
      <object_component id="oc-66">
         <name>.debug_info</name>
         <load_address>0x168d</load_address>
         <run_address>0x168d</run_address>
         <size>0x2f2</size>
         <input_file_ref idref="fl-95"/>
      </object_component>
      <object_component id="oc-6a">
         <name>.debug_info</name>
         <load_address>0x197f</load_address>
         <run_address>0x197f</run_address>
         <size>0x1d7</size>
         <input_file_ref idref="fl-95"/>
      </object_component>
      <object_component id="oc-6b">
         <name>.debug_info</name>
         <load_address>0x1b56</load_address>
         <run_address>0x1b56</run_address>
         <size>0x46</size>
         <input_file_ref idref="fl-95"/>
      </object_component>
      <object_component id="oc-71">
         <name>.debug_info</name>
         <load_address>0x1b9c</load_address>
         <run_address>0x1b9c</run_address>
         <size>0xc3</size>
         <input_file_ref idref="fl-6"/>
      </object_component>
      <object_component id="oc-73">
         <name>.debug_info</name>
         <load_address>0x1c5f</load_address>
         <run_address>0x1c5f</run_address>
         <size>0xc3</size>
         <input_file_ref idref="fl-6"/>
      </object_component>
      <object_component id="oc-76">
         <name>.debug_info</name>
         <load_address>0x1d22</load_address>
         <run_address>0x1d22</run_address>
         <size>0xca</size>
         <input_file_ref idref="fl-16"/>
      </object_component>
      <object_component id="oc-78">
         <name>.debug_info</name>
         <load_address>0x1dec</load_address>
         <run_address>0x1dec</run_address>
         <size>0x2b6</size>
         <input_file_ref idref="fl-11"/>
      </object_component>
      <object_component id="oc-7a">
         <name>.debug_info</name>
         <load_address>0x20a2</load_address>
         <run_address>0x20a2</run_address>
         <size>0x3db</size>
         <input_file_ref idref="fl-6"/>
      </object_component>
      <object_component id="oc-7c">
         <name>.debug_info</name>
         <load_address>0x247d</load_address>
         <run_address>0x247d</run_address>
         <size>0x700</size>
         <input_file_ref idref="fl-9"/>
      </object_component>
      <object_component id="oc-7e">
         <name>.debug_info</name>
         <load_address>0x2b7d</load_address>
         <run_address>0x2b7d</run_address>
         <size>0xc5</size>
         <input_file_ref idref="fl-6"/>
      </object_component>
      <object_component id="oc-80">
         <name>.debug_info</name>
         <load_address>0x2c42</load_address>
         <run_address>0x2c42</run_address>
         <size>0x1d8</size>
         <input_file_ref idref="fl-9"/>
      </object_component>
      <object_component id="oc-82">
         <name>.debug_info</name>
         <load_address>0x2e1a</load_address>
         <run_address>0x2e1a</run_address>
         <size>0x2d3</size>
         <input_file_ref idref="fl-7"/>
      </object_component>
      <object_component id="oc-84">
         <name>.debug_info</name>
         <load_address>0x30ed</load_address>
         <run_address>0x30ed</run_address>
         <size>0x7d1</size>
         <input_file_ref idref="fl-15"/>
      </object_component>
      <object_component id="oc-86">
         <name>.debug_info</name>
         <load_address>0x38be</load_address>
         <run_address>0x38be</run_address>
         <size>0x127</size>
         <input_file_ref idref="fl-a3"/>
      </object_component>
      <object_component id="oc-8a">
         <name>.debug_info</name>
         <load_address>0x39e5</load_address>
         <run_address>0x39e5</run_address>
         <size>0x15da</size>
         <input_file_ref idref="fl-6"/>
      </object_component>
      <object_component id="oc-8f">
         <name>.debug_info</name>
         <load_address>0x4fbf</load_address>
         <run_address>0x4fbf</run_address>
         <size>0xc9</size>
         <input_file_ref idref="fl-a5"/>
      </object_component>
      <object_component id="oc-93">
         <name>.debug_info</name>
         <load_address>0x5088</load_address>
         <run_address>0x5088</run_address>
         <size>0x3d8b</size>
         <input_file_ref idref="fl-15"/>
      </object_component>
      <object_component id="oc-98">
         <name>.debug_info</name>
         <load_address>0x8e13</load_address>
         <run_address>0x8e13</run_address>
         <size>0x1c0c</size>
         <input_file_ref idref="fl-4"/>
      </object_component>
      <object_component id="oc-9d">
         <name>.debug_info</name>
         <load_address>0xaa1f</load_address>
         <run_address>0xaa1f</run_address>
         <size>0xc85e</size>
         <input_file_ref idref="fl-9"/>
      </object_component>
      <object_component id="oc-a2">
         <name>.debug_info</name>
         <load_address>0x1727d</load_address>
         <run_address>0x1727d</run_address>
         <size>0xd59</size>
         <input_file_ref idref="fl-6"/>
      </object_component>
      <object_component id="oc-a3">
         <name>.debug_info</name>
         <load_address>0x17fd6</load_address>
         <run_address>0x17fd6</run_address>
         <size>0xbb</size>
         <input_file_ref idref="fl-2"/>
      </object_component>
      <object_component id="oc-a8">
         <name>.debug_info</name>
         <load_address>0x18091</load_address>
         <run_address>0x18091</run_address>
         <size>0xf21</size>
         <input_file_ref idref="fl-6"/>
      </object_component>
      <object_component id="oc-ad">
         <name>.debug_info</name>
         <load_address>0x18fb2</load_address>
         <run_address>0x18fb2</run_address>
         <size>0x94</size>
         <input_file_ref idref="fl-2"/>
      </object_component>
      <object_component id="oc-b3">
         <name>.debug_info</name>
         <load_address>0x19046</load_address>
         <run_address>0x19046</run_address>
         <size>0xd2</size>
         <input_file_ref idref="fl-15"/>
      </object_component>
      <object_component id="oc-b6">
         <name>.debug_info</name>
         <load_address>0x19118</load_address>
         <run_address>0x19118</run_address>
         <size>0x106</size>
         <input_file_ref idref="fl-9c"/>
      </object_component>
      <object_component id="oc-bd">
         <name>.debug_info</name>
         <load_address>0x1921e</load_address>
         <run_address>0x1921e</run_address>
         <size>0x10a</size>
         <input_file_ref idref="fl-93"/>
      </object_component>
      <object_component id="oc-c0">
         <name>.debug_info</name>
         <load_address>0x19328</load_address>
         <run_address>0x19328</run_address>
         <size>0x16a</size>
         <input_file_ref idref="fl-c3"/>
      </object_component>
      <object_component id="oc-c2">
         <name>.debug_info</name>
         <load_address>0x19492</load_address>
         <run_address>0x19492</run_address>
         <size>0x18e</size>
         <input_file_ref idref="fl-b2"/>
      </object_component>
      <object_component id="oc-c6">
         <name>.debug_info</name>
         <load_address>0x19620</load_address>
         <run_address>0x19620</run_address>
         <size>0x164</size>
         <input_file_ref idref="fl-c0"/>
      </object_component>
      <object_component id="oc-ca">
         <name>.debug_info</name>
         <load_address>0x19784</load_address>
         <run_address>0x19784</run_address>
         <size>0x15f</size>
         <input_file_ref idref="fl-b1"/>
      </object_component>
      <object_component id="oc-cf">
         <name>.debug_info</name>
         <load_address>0x198e3</load_address>
         <run_address>0x198e3</run_address>
         <size>0x112</size>
         <input_file_ref idref="fl-14"/>
      </object_component>
      <object_component id="oc-d4">
         <name>.debug_info</name>
         <load_address>0x199f5</load_address>
         <run_address>0x199f5</run_address>
         <size>0x94</size>
         <input_file_ref idref="fl-93"/>
      </object_component>
      <object_component id="oc-da">
         <name>.debug_info</name>
         <load_address>0x19a89</load_address>
         <run_address>0x19a89</run_address>
         <size>0x127</size>
         <input_file_ref idref="fl-9a"/>
      </object_component>
      <object_component id="oc-dc">
         <name>.debug_info</name>
         <load_address>0x19bb0</load_address>
         <run_address>0x19bb0</run_address>
         <size>0x11e</size>
         <input_file_ref idref="fl-9a"/>
      </object_component>
      <object_component id="oc-e0">
         <name>.debug_info</name>
         <load_address>0x19cce</load_address>
         <run_address>0x19cce</run_address>
         <size>0x8d</size>
         <input_file_ref idref="fl-94"/>
      </object_component>
      <object_component id="oc-e6">
         <name>.debug_info</name>
         <load_address>0x19d5b</load_address>
         <run_address>0x19d5b</run_address>
         <size>0x46</size>
         <input_file_ref idref="fl-94"/>
      </object_component>
      <object_component id="oc-eb">
         <name>.debug_info</name>
         <load_address>0x19da1</load_address>
         <run_address>0x19da1</run_address>
         <size>0xe5</size>
         <input_file_ref idref="fl-94"/>
      </object_component>
      <object_component id="oc-ec">
         <name>.debug_info</name>
         <load_address>0x19e86</load_address>
         <run_address>0x19e86</run_address>
         <size>0x2c</size>
         <input_file_ref idref="fl-95"/>
      </object_component>
      <object_component id="oc-f1">
         <name>.debug_info</name>
         <load_address>0x19eb2</load_address>
         <run_address>0x19eb2</run_address>
         <size>0x1cd</size>
         <input_file_ref idref="fl-96"/>
      </object_component>
      <object_component id="oc-fb">
         <name>.debug_info</name>
         <load_address>0x1a07f</load_address>
         <run_address>0x1a07f</run_address>
         <size>0xba0</size>
         <input_file_ref idref="fl-16"/>
      </object_component>
      <object_component id="oc-fe">
         <name>.debug_info</name>
         <load_address>0x1ac1f</load_address>
         <run_address>0x1ac1f</run_address>
         <size>0x91d</size>
         <input_file_ref idref="fl-11"/>
      </object_component>
      <object_component id="oc-103">
         <name>.debug_info</name>
         <load_address>0x1b53c</load_address>
         <run_address>0x1b53c</run_address>
         <size>0xce4</size>
         <input_file_ref idref="fl-9"/>
      </object_component>
      <object_component id="oc-108">
         <name>.debug_info</name>
         <load_address>0x1c220</load_address>
         <run_address>0x1c220</run_address>
         <size>0x59a</size>
         <input_file_ref idref="fl-9"/>
      </object_component>
      <object_component id="oc-10f">
         <name>.debug_info</name>
         <load_address>0x1c7ba</load_address>
         <run_address>0x1c7ba</run_address>
         <size>0x84f</size>
         <input_file_ref idref="fl-7"/>
      </object_component>
      <object_component id="oc-112">
         <name>.debug_info</name>
         <load_address>0x1d009</load_address>
         <run_address>0x1d009</run_address>
         <size>0x9b5</size>
         <input_file_ref idref="fl-15"/>
      </object_component>
      <object_component id="oc-114">
         <name>.debug_info</name>
         <load_address>0x1d9be</load_address>
         <run_address>0x1d9be</run_address>
         <size>0xc5</size>
         <input_file_ref idref="fl-ab"/>
      </object_component>
      <object_component id="oc-116">
         <name>.debug_info</name>
         <load_address>0x1da83</load_address>
         <run_address>0x1da83</run_address>
         <size>0xa9</size>
         <input_file_ref idref="fl-b4"/>
      </object_component>
      <object_component id="oc-118">
         <name>.debug_info</name>
         <load_address>0x1db2c</load_address>
         <run_address>0x1db2c</run_address>
         <size>0x10b</size>
         <input_file_ref idref="fl-a3"/>
      </object_component>
      <object_component id="oc-11c">
         <name>.debug_info</name>
         <load_address>0x1dc37</load_address>
         <run_address>0x1dc37</run_address>
         <size>0xfc</size>
         <input_file_ref idref="fl-a3"/>
      </object_component>
      <object_component id="oc-120">
         <name>.debug_info</name>
         <load_address>0x1dd33</load_address>
         <run_address>0x1dd33</run_address>
         <size>0x418</size>
         <input_file_ref idref="fl-ac"/>
      </object_component>
      <object_component id="oc-124">
         <name>.debug_info</name>
         <load_address>0x1e14b</load_address>
         <run_address>0x1e14b</run_address>
         <size>0x1e3</size>
         <input_file_ref idref="fl-a3"/>
      </object_component>
      <object_component id="oc-126">
         <name>.debug_info</name>
         <load_address>0x1e32e</load_address>
         <run_address>0x1e32e</run_address>
         <size>0x106</size>
         <input_file_ref idref="fl-2"/>
      </object_component>
[...]
         <value>0x1080fb98</value>
         <object_component_ref idref="oc-92"/>
      </symbol>
      <symbol id="sm-161c">
         <name>debug_enable_PSC_module</name>
         <value>0x1080f118</value>
         <object_component_ref idref="oc-92"/>
      </symbol>
      <symbol id="sm-161d">
         <name>TSC_delay_us</name>
         <value>0x1080f078</value>
         <object_component_ref idref="oc-92"/>
      </symbol>
      <symbol id="sm-161e">
         <name>EDMA_init</name>
         <value>0x1080f224</value>
         <object_component_ref idref="oc-92"/>
      </symbol>
      <symbol id="sm-161f">
         <name>gpDDR_regs</name>
         <value>0x108590c0</value>
         <object_component_ref idref="oc-83"/>
      </symbol>
      <symbol id="sm-1620">
         <name>debug_disable_PSC_Power_Domain</name>
         <value>0x1080f1e0</value>
         <object_component_ref idref="oc-92"/>
      </symbol>
      <symbol id="sm-1621">
         <name>LL2_EDC_setup</name>
         <value>0x1080fcf0</value>
         <object_component_ref idref="oc-92"/>
      </symbol>
      <symbol id="sm-1622">
         <name>gpXMC_regs</name>
         <value>0x10859030</value>
         <object_component_ref idref="oc-83"/>
      </symbol>
      <symbol id="sm-1623">
         <name>gpTimer6Regs</name>
         <value>0x108590a4</value>
         <object_component_ref idref="oc-83"/>
      </symbol>
      <symbol id="sm-1624">
         <name>IDMA_copy</name>
         <value>0x1080f924</value>
         <object_component_ref idref="oc-92"/>
      </symbol>
      <symbol id="sm-1625">
         <name>cycle_measure_overhead</name>
         <value>0x108590c4</value>
         <object_component_ref idref="oc-83"/>
      </symbol>
      <symbol id="sm-1626">
         <name>gpPLLC_regs</name>
         <value>0x1085903c</value>
         <object_component_ref idref="oc-83"/>
      </symbol>
      <symbol id="sm-1627">
         <name>gCIC_EXC_EN_MASK</name>
         <value>0x10858d88</value>
         <object_component_ref idref="oc-130"/>
      </symbol>
      <symbol id="sm-1628">
         <name>mem_prot_key</name>
         <value>0x108589e0</value>
         <object_component_ref idref="oc-3cc"/>
      </symbol>
      <symbol id="sm-1629">
         <name>TSC_delay_ms</name>
         <value>0x1080efe0</value>
         <object_component_ref idref="oc-92"/>
      </symbol>
      <symbol id="sm-162a">
         <name>DDR_PLL_init</name>
         <value>0x1080ef44</value>
         <object_component_ref idref="oc-92"/>
      </symbol>
      <symbol id="sm-162b">
         <name>gpEDMA_CC2_regs</name>
         <value>0x10859060</value>
         <object_component_ref idref="oc-83"/>
      </symbol>
      <symbol id="sm-162c">
         <name>gpEDMA_CC0_regs</name>
         <value>0x10859058</value>
         <object_component_ref idref="oc-83"/>
      </symbol>
      <symbol id="sm-162d">
         <name>gpEDMA_CC1_regs</name>
         <value>0x1085905c</value>
         <object_component_ref idref="oc-83"/>
      </symbol>
      <symbol id="sm-162e">
         <name>XMC_MPAX_setup</name>
         <value>0x1081ba34</value>
         <object_component_ref idref="oc-13a"/>
      </symbol>
      <symbol id="sm-162f">
         <name>gpTimer7Regs</name>
         <value>0x108590a8</value>
         <object_component_ref idref="oc-83"/>
      </symbol>
      <symbol id="sm-1630">
         <name>KeyStone_Exception_cfg</name>
         <value>0x108100b4</value>
         <object_component_ref idref="oc-92"/>
      </symbol>
      <symbol id="sm-1631">
         <name>KeyStone_PASS_PLL_init</name>
         <value>0x1080eeb4</value>
         <object_component_ref idref="oc-92"/>
      </symbol>
      <symbol id="sm-1632">
         <name>gpCIC_regs</name>
         <value>0x10859054</value>
         <object_component_ref idref="oc-83"/>
      </symbol>
      <symbol id="sm-1633">
         <name>gpTimer4Regs</name>
         <value>0x1085909c</value>
         <object_component_ref idref="oc-83"/>
      </symbol>
      <symbol id="sm-1634">
         <name>gpEDMA_TC_2_3_regs</name>
         <value>0x10859088</value>
         <object_component_ref idref="oc-83"/>
      </symbol>
      <symbol id="sm-1635">
         <name>gpEDMA_TC_2_2_regs</name>
         <value>0x10859084</value>
         <object_component_ref idref="oc-83"/>
      </symbol>
      <symbol id="sm-1636">
         <name>gpEDMA_TC_2_1_regs</name>
         <value>0x10859080</value>
         <object_component_ref idref="oc-83"/>
      </symbol>
      <symbol id="sm-1637">
         <name>gpEDMA_TC_2_0_regs</name>
         <value>0x1085907c</value>
         <object_component_ref idref="oc-83"/>
      </symbol>
      <symbol id="sm-1638">
         <name>TSC_init</name>
         <value>0x1080efd0</value>
         <object_component_ref idref="oc-92"/>
      </symbol>
      <symbol id="sm-1639">
         <name>unlock_mem_prot_regs</name>
         <value>0x1081b7c8</value>
         <object_component_ref idref="oc-13a"/>
      </symbol>
      <symbol id="sm-163a">
         <name>gpBootCfgRegs</name>
         <value>0x10859038</value>
         <object_component_ref idref="oc-83"/>
      </symbol>
      <symbol id="sm-16a7">
         <name>gpSRIO_regs</name>
         <value>0x10859144</value>
         <object_component_ref idref="oc-75"/>
      </symbol>
      <symbol id="sm-16c3">
         <name>_c_int00</name>
         <value>0x10800200</value>
         <object_component_ref idref="oc-21"/>
      </symbol>
      <symbol id="sm-16c4">
         <name>_stack</name>
         <value>0x10840000</value>
         <object_component_ref idref="oc-43"/>
      </symbol>
      <symbol id="sm-16dd">
         <name>__TI_decompress_none</name>
         <value>0x1081b6a0</value>
         <object_component_ref idref="oc-29"/>
      </symbol>
      <symbol id="sm-16fe">
         <name>__TI_decompress_rle24</name>
         <value>0x1081b6c0</value>
         <object_component_ref idref="oc-31"/>
      </symbol>
      <symbol id="sm-170e">
         <name>__TI_zero_init</name>
         <value>0x10819dc0</value>
         <object_component_ref idref="oc-2d"/>
      </symbol>
      <symbol id="sm-171b">
         <name>__c6xabi_divf</name>
         <value>0x10816c60</value>
         <object_component_ref idref="oc-132"/>
      </symbol>
      <symbol id="sm-1723">
         <name>__c6xabi_divi</name>
         <value>0x10819a40</value>
         <object_component_ref idref="oc-16c"/>
      </symbol>
      <symbol id="sm-1724">
         <name>__divi</name>
         <value>0x10819a40</value>
         <object_component_ref idref="oc-16c"/>
      </symbol>
      <symbol id="sm-172c">
         <name>__c6xabi_divu</name>
         <value>0x1081a380</value>
         <object_component_ref idref="oc-7bc"/>
      </symbol>
      <symbol id="sm-172d">
         <name>__divu</name>
         <value>0x1081a380</value>
         <object_component_ref idref="oc-7bc"/>
      </symbol>
      <symbol id="sm-174c">
         <name>C$$EXIT</name>
         <value>0x1081b680</value>
         <object_component_ref idref="oc-db"/>
      </symbol>
      <symbol id="sm-174d">
         <name>_dtors_ptr</name>
         <value>0x10858df8</value>
         <object_component_ref idref="oc-d9"/>
      </symbol>
      <symbol id="sm-174e">
         <name>abort</name>
         <value>0x1081b680</value>
         <object_component_ref idref="oc-db"/>
      </symbol>
      <symbol id="sm-174f">
         <name>_cleanup_ptr</name>
         <value>0x10858df4</value>
         <object_component_ref idref="oc-d9"/>
      </symbol>
      <symbol id="sm-1750">
         <name>exit</name>
         <value>0x1081a5c0</value>
         <object_component_ref idref="oc-4f"/>
      </symbol>
      <symbol id="sm-1751">
         <name>__TI_enable_exit_profile_output</name>
         <value>0x10858dfc</value>
         <object_component_ref idref="oc-d9"/>
      </symbol>
      <symbol id="sm-175b">
         <name>__c6xabi_fixfu</name>
         <value>0x1081af60</value>
         <object_component_ref idref="oc-3e2"/>
      </symbol>
      <symbol id="sm-1790">
         <name>puts</name>
         <value>0x1081b5a0</value>
         <object_component_ref idref="oc-b5"/>
      </symbol>
      <symbol id="sm-1791">
         <name>fputs</name>
         <value>0x10815a00</value>
         <object_component_ref idref="oc-200"/>
      </symbol>
      <symbol id="sm-17a4">
         <name>_subcull</name>
         <value>0x1081b300</value>
         <object_component_ref idref="oc-3c3"/>
      </symbol>
      <symbol id="sm-17a5">
         <name>__c6xabi_divull</name>
         <value>0x10817640</value>
         <object_component_ref idref="oc-136"/>
      </symbol>
      <symbol id="sm-17bb">
         <name>__c6xabi_llshru</name>
         <value>0x1081b2a0</value>
         <object_component_ref idref="oc-3c7"/>
      </symbol>
      <symbol id="sm-17bc">
         <name>__c6xabi_llshl</name>
         <value>0x1081afe0</value>
         <object_component_ref idref="oc-3bf"/>
      </symbol>
      <symbol id="sm-1815">
         <name>lseek</name>
         <value>0x1081ac40</value>
         <object_component_ref idref="oc-6a6"/>
      </symbol>
      <symbol id="sm-1816">
         <name>write</name>
         <value>0x1081aec0</value>
         <object_component_ref idref="oc-495"/>
      </symbol>
      <symbol id="sm-1817">
         <name>close</name>
         <value>0x10819ce0</value>
         <object_component_ref idref="oc-7c7"/>
      </symbol>
      <symbol id="sm-1818">
         <name>unlink</name>
         <value>0x1081b160</value>
         <object_component_ref idref="oc-7cb"/>
      </symbol>
      <symbol id="sm-181f">
         <name>memcpy</name>
         <value>0x1081ace0</value>
         <object_component_ref idref="oc-55"/>
      </symbol>
      <symbol id="sm-182a">
         <name>memset</name>
         <value>0x10819f80</value>
         <object_component_ref idref="oc-143"/>
      </symbol>
      <symbol id="sm-1836">
         <name>__c6xabi_negll</name>
         <value>0x1081b600</value>
         <object_component_ref idref="oc-68a"/>
      </symbol>
      <symbol id="sm-1851">
         <name>printf</name>
         <value>0x1081a060</value>
         <object_component_ref idref="oc-85"/>
      </symbol>
      <symbol id="sm-1859">
         <name>__remi</name>
         <value>0x1081a440</value>
         <object_component_ref idref="oc-174"/>
      </symbol>
      <symbol id="sm-185a">
         <name>__c6xabi_remi</name>
         <value>0x1081a440</value>
         <object_component_ref idref="oc-174"/>
      </symbol>
      <symbol id="sm-1862">
         <name>__remu</name>
         <value>0x1081a7e0</value>
         <object_component_ref idref="oc-8e"/>
      </symbol>
      <symbol id="sm-1863">
         <name>__c6xabi_remu</name>
         <value>0x1081a7e0</value>
         <object_component_ref idref="oc-8e"/>
      </symbol>
      <symbol id="sm-1874">
         <name>sqrt</name>
         <value>0x10818d40</value>
         <object_component_ref idref="oc-170"/>
      </symbol>
      <symbol id="sm-187b">
         <name>__c6xabi_strasgi_64plus</name>
         <value>0x1081b4a0</value>
         <object_component_ref idref="oc-13f"/>
      </symbol>
      <symbol id="sm-187c">
         <name>__strasgi_64plus</name>
         <value>0x1081b4a0</value>
         <object_component_ref idref="oc-13f"/>
      </symbol>
      <symbol id="sm-18b9">
         <name>HOSTrename</name>
         <value>0x10818700</value>
         <object_component_ref idref="oc-78c"/>
      </symbol>
      <symbol id="sm-18ba">
         <name>HOSTclose</name>
         <value>0x1081a740</value>
         <object_component_ref idref="oc-778"/>
      </symbol>
      <symbol id="sm-18bb">
         <name>HOSTunlink</name>
         <value>0x1081a200</value>
         <object_component_ref idref="oc-788"/>
      </symbol>
      <symbol id="sm-18bc">
         <name>HOSTlseek</name>
         <value>0x10819480</value>
         <object_component_ref idref="oc-784"/>
      </symbol>
      <symbol id="sm-18bd">
         <name>HOSTopen</name>
         <value>0x10819960</value>
         <object_component_ref idref="oc-774"/>
      </symbol>
      <symbol id="sm-18be">
         <name>HOSTwrite</name>
         <value>0x1081a2c0</value>
         <object_component_ref idref="oc-780"/>
      </symbol>
      <symbol id="sm-18bf">
         <name>HOSTread</name>
         <value>0x1081a140</value>
         <object_component_ref idref="oc-77c"/>
      </symbol>
      <symbol id="sm-18d4">
         <name>writemsg</name>
         <value>0x1081b3c0</value>
         <object_component_ref idref="oc-7da"/>
      </symbol>
      <symbol id="sm-18d5">
         <name>C$$IO$$</name>
         <value>0x1081b418</value>
         <object_component_ref idref="oc-7da"/>
      </symbol>
      <symbol id="sm-18d6">
         <name>__CIOBUF_</name>
         <value>0x108591f0</value>
         <object_component_ref idref="oc-800"/>
      </symbol>
      <symbol id="sm-18d7">
         <name>readmsg</name>
         <value>0x1081b0e0</value>
         <object_component_ref idref="oc-7de"/>
      </symbol>
      <symbol id="sm-18e6">
         <name>_wrt_ok</name>
         <value>0x10819680</value>
         <object_component_ref idref="oc-48d"/>
      </symbol>
      <symbol id="sm-18f4">
         <name>_nop</name>
         <value>0x1081b620</value>
         <object_component_ref idref="oc-38a"/>
      </symbol>
      <symbol id="sm-18f5">
         <name>_lock</name>
         <value>0x10858e0c</value>
         <object_component_ref idref="oc-113"/>
      </symbol>
      <symbol id="sm-18f6">
         <name>_unlock</name>
         <value>0x10858e10</value>
         <object_component_ref idref="oc-113"/>
      </symbol>
      <symbol id="sm-1a3c">
         <name>_printfi</name>
         <value>0x10814d80</value>
         <object_component_ref idref="oc-11f"/>
      </symbol>
      <symbol id="sm-1a44">
         <name>_args_main</name>
         <value>0x1081b4e0</value>
         <object_component_ref idref="oc-4b"/>
      </symbol>
      <symbol id="sm-1a52">
         <name>atoi</name>
         <value>0x10819c00</value>
         <object_component_ref idref="oc-4d3"/>
      </symbol>
      <symbol id="sm-1a5e">
         <name>_auto_init_elf</name>
         <value>0x10819580</value>
         <object_component_ref idref="oc-47"/>
      </symbol>
      <symbol id="sm-1a68">
         <name>__TI_cpp_init</name>
         <value>0x1081b1e0</value>
         <object_component_ref idref="oc-c9"/>
      </symbol>
      <symbol id="sm-1a7d">
         <name>copy_in</name>
         <value>0x10819780</value>
         <object_component_ref idref="oc-c1"/>
      </symbol>
      <symbol id="sm-1a86">
         <name>_ctypes_</name>
         <value>0xc0005e0</value>
         <object_component_ref idref="oc-66d"/>
      </symbol>
      <symbol id="sm-1a97">
         <name>_tmpnams</name>
         <value>0x10858638</value>
         <object_component_ref idref="oc-7cf"/>
      </symbol>
      <symbol id="sm-1a98">
         <name>_ftable</name>
         <value>0x10858a08</value>
         <object_component_ref idref="oc-115"/>
      </symbol>
      <symbol id="sm-1a99">
         <name>_ft_end</name>
         <value>0x10858d5c</value>
         <object_component_ref idref="oc-75b"/>
      </symbol>
      <symbol id="sm-1aa7">
         <name>__c6xabi_divd</name>
         <value>0x10813900</value>
         <object_component_ref idref="oc-73e"/>
      </symbol>
      <symbol id="sm-1ab5">
         <name>__errno</name>
         <value>0x10858e14</value>
         <object_component_ref idref="oc-535"/>
      </symbol>
      <symbol id="sm-1ab6">
         <name>errno</name>
         <value>0x10858e14</value>
         <object_component_ref idref="oc-535"/>
      </symbol>
      <symbol id="sm-1ab7">
         <name>__c6xabi_errno_addr</name>
         <value>0x1081b5e0</value>
         <object_component_ref idref="oc-435"/>
      </symbol>
      <symbol id="sm-1ac4">
         <name>_doflush</name>
         <value>0x1081a500</value>
         <object_component_ref idref="oc-491"/>
      </symbol>
      <symbol id="sm-1adf">
         <name>fputc</name>
         <value>0x10817f20</value>
         <object_component_ref idref="oc-395"/>
      </symbol>
      <symbol id="sm-1ae6">
         <name>__c6xabi_frcmpyd_div</name>
         <value>0x1081b240</value>
         <object_component_ref idref="oc-7b7"/>
      </symbol>
      <symbol id="sm-1af7">
         <name>fseek</name>
         <value>0x10819360</value>
         <object_component_ref idref="oc-539"/>
      </symbol>
      <symbol id="sm-1b00">
         <name>__c6xabi_divul</name>
         <value>0x108188a0</value>
         <object_component_ref idref="oc-7c0"/>
      </symbol>
      <symbol id="sm-1b07">
         <name>__c6xabi_isinf</name>
         <value>0x1081b420</value>
         <object_component_ref idref="oc-675"/>
      </symbol>
      <symbol id="sm-1b11">
         <name>ltoa</name>
         <value>0x10819ea0</value>
         <object_component_ref idref="oc-7ae"/>
      </symbol>
      <symbol id="sm-1b1e">
         <name>memccpy</name>
         <value>0x1081b360</value>
         <object_component_ref idref="oc-4e0"/>
      </symbol>
      <symbol id="sm-1b34">
         <name>setvbuf</name>
         <value>0x10818340</value>
         <object_component_ref idref="oc-53d"/>
      </symbol>
      <symbol id="sm-1b41">
         <name>__TI_tls_init</name>
         <value>0x1081a680</value>
         <object_component_ref idref="oc-c5"/>
      </symbol>
      <symbol id="sm-1b4d">
         <name>_cleanup</name>
         <value>0x1081a880</value>
         <object_component_ref idref="oc-6ac"/>
      </symbol>
      <symbol id="sm-1b9e">
         <name>_sys_memory</name>
         <value>0x10850000</value>
         <object_component_ref idref="oc-45"/>
      </symbol>
      <symbol id="sm-1b9f">
         <name>free</name>
         <value>0x10817160</value>
         <object_component_ref idref="oc-6b0"/>
      </symbol>
      <symbol id="sm-1ba0">
         <name>malloc</name>
         <value>0x10818bc0</value>
         <object_component_ref idref="oc-6b4"/>
      </symbol>
      <symbol id="sm-1ba1">
         <name>_minit</name>
         <value>0x1081aa60</value>
         <object_component_ref idref="oc-76d"/>
      </symbol>
      <symbol id="sm-1bb3">
         <name>_closefile</name>
         <value>0x10819120</value>
         <object_component_ref idref="oc-75d"/>
      </symbol>
      <symbol id="sm-1bb5">
         <name>__TI_STATIC_BASE</name>
         <value>0x10858e20</value>
      </symbol>
      <symbol id="sm-1bb6">
         <name>__TI_args_main</name>
         <value>0x1</value>
      </symbol>
      <symbol id="sm-1bb7">
         <name>__TI_INITARRAY_Base</name>
         <value>0x0</value>
      </symbol>
      <symbol id="sm-1bb8">
         <name>__TI_INITARRAY_Limit</name>
         <value>0x0</value>
      </symbol>
      <symbol id="sm-1bb9">
         <name>__TI_TLS_INIT_Base</name>
         <value>0x0</value>
      </symbol>
      <symbol id="sm-1bba">
         <name>__TI_TLS_INIT_Limit</name>
         <value>0x0</value>
      </symbol>
      <symbol id="sm-1bbd">
         <name>remove</name>
         <value>0x1081b160</value>
      </symbol>
   </symbol_table>
</link_info>
